[     298ms] [LOG] [Fast Refresh] rebuilding @ http://localhost:3000/_next/static/chunks/node_modules_next_dist_1e8vcs8._.js:776
[     982ms] [LOG] [Fast Refresh] done in 787ms @ http://localhost:3000/_next/static/chunks/node_modules_next_dist_1e8vcs8._.js:776
[    1106ms] [INFO] %cDownload the React DevTools for a better development experience: https://react.dev/link/react-devtools font-weight:bold @ http://localhost:3000/_next/static/chunks/node_modules_next_dist_1e8vcs8._.js:776
[    1145ms] [LOG] [HMR] connected @ http://localhost:3000/_next/static/chunks/node_modules_next_dist_1e8vcs8._.js:776
[    7477ms] [LOG] [Fast Refresh] rebuilding @ http://localhost:3000/_next/static/chunks/node_modules_next_dist_1e8vcs8._.js:776
[    7708ms] [LOG] [Fast Refresh] done in 334ms @ http://localhost:3000/_next/static/chunks/node_modules_next_dist_1e8vcs8._.js:776
[   58720ms] [ERROR] WebSocket connection to 'ws://localhost:3000/_next/hmr?id=gt_uWmmo1gQAeafMRrH0w' failed: Error in connection establishment: net::ERR_CONNECTION_REFUSED @ http://localhost:3000/_next/static/chunks/node_modules_next_dist_client_0_90u2t._.js:16348
[   59724ms] [ERROR] WebSocket connection to 'ws://localhost:3000/_next/hmr?id=gt_uWmmo1gQAeafMRrH0w' failed: Error in connection establishment: net::ERR_CONNECTION_REFUSED @ http://localhost:3000/_next/static/chunks/node_modules_next_dist_client_0_90u2t._.js:16348
[   60726ms] [ERROR] WebSocket connection to 'ws://localhost:3000/_next/hmr?id=gt_uWmmo1gQAeafMRrH0w' failed: Error in connection establishment: net::ERR_CONNECTION_REFUSED @ http://localhost:3000/_next/static/chunks/node_modules_next_dist_client_0_90u2t._.js:16348
[   61730ms] [ERROR] WebSocket connection to 'ws://localhost:3000/_next/hmr?id=gt_uWmmo1gQAeafMRrH0w' failed: Error in connection establishment: net::ERR_CONNECTION_REFUSED @ http://localhost:3000/_next/static/chunks/node_modules_next_dist_client_0_90u2t._.js:16348
[   62740ms] [ERROR] WebSocket connection to 'ws://localhost:3000/_next/hmr?id=gt_uWmmo1gQAeafMRrH0w' failed: Error in connection establishment: net::ERR_CONNECTION_REFUSED @ http://localhost:3000/_next/static/chunks/node_modules_next_dist_client_0_90u2t._.js:16348
[   67744ms] [ERROR] WebSocket connection to 'ws://localhost:3000/_next/hmr?id=gt_uWmmo1gQAeafMRrH0w' failed: Error in connection establishment: net::ERR_CONNECTION_REFUSED @ http://localhost:3000/_next/static/chunks/node_modules_next_dist_client_0_90u2t._.js:16348
[   72747ms] [ERROR] WebSocket connection to 'ws://localhost:3000/_next/hmr?id=gt_uWmmo1gQAeafMRrH0w' failed: Error in connection establishment: net::ERR_CONNECTION_REFUSED @ http://localhost:3000/_next/static/chunks/node_modules_next_dist_client_0_90u2t._.js:16348
[   77750ms] [ERROR] WebSocket connection to 'ws://localhost:3000/_next/hmr?id=gt_uWmmo1gQAeafMRrH0w' failed: Error in connection establishment: net::ERR_CONNECTION_REFUSED @ http://localhost:3000/_next/static/chunks/node_modules_next_dist_client_0_90u2t._.js:16348
[   82754ms] [ERROR] WebSocket connection to 'ws://localhost:3000/_next/hmr?id=gt_uWmmo1gQAeafMRrH0w' failed: Error in connection establishment: net::ERR_CONNECTION_REFUSED @ http://localhost:3000/_next/static/chunks/node_modules_next_dist_client_0_90u2t._.js:16348
[   87760ms] [ERROR] WebSocket connection to 'ws://localhost:3000/_next/hmr?id=gt_uWmmo1gQAeafMRrH0w' failed: Error in connection establishment: net::ERR_CONNECTION_REFUSED @ http://localhost:3000/_next/static/chunks/node_modules_next_dist_client_0_90u2t._.js:16348
[   92766ms] [ERROR] WebSocket connection to 'ws://localhost:3000/_next/hmr?id=gt_uWmmo1gQAeafMRrH0w' failed: Error in connection establishment: net::ERR_CONNECTION_REFUSED @ http://localhost:3000/_next/static/chunks/node_modules_next_dist_client_0_90u2t._.js:16348
[   97772ms] [ERROR] WebSocket connection to 'ws://localhost:3000/_next/hmr?id=gt_uWmmo1gQAeafMRrH0w' failed: Error in connection establishment: net::ERR_CONNECTION_REFUSED @ http://localhost:3000/_next/static/chunks/node_modules_next_dist_client_0_90u2t._.js:16348
[  134322ms] [INFO] %cDownload the React DevTools for a better development experience: https://react.dev/link/react-devtools font-weight:bold @ http://localhost:3000/_next/static/chunks/node_modules_next_dist_1e8vcs8._.js:776
[  134358ms] [LOG] [HMR] connected @ http://localhost:3000/_next/static/chunks/node_modules_next_dist_1e8vcs8._.js:776
